
Daniel@DESKTOP-J1NFNF3 MINGW64 /
$ cd Desktop
bash: cd: Desktop: No such file or directory

Daniel@DESKTOP-J1NFNF3 MINGW64 /
$ cd Desktop
bash: cd: Desktop: No such file or directory

Daniel@DESKTOP-J1NFNF3 MINGW64 /
$ ls
LICENSE.txt        cmd/  git-bash.exe*  proc/         unins000.exe*
ReleaseNotes.html  dev/  git-cmd.exe*   tmp/          unins000.msg
bin/               etc/  mingw64/       unins000.dat  usr/

Daniel@DESKTOP-J1NFNF3 MINGW64 /
$ cd

Daniel@DESKTOP-J1NFNF3 MINGW64 ~
$ ls
 AppData/
'Application Data'@
 Contacts/
 Cookies@
 Desktop/
 Documents/
 Downloads/
 Favorites/
 Links/
'Local Settings'@
 Music/
'My Documents'@
 NTUSER.DAT
 NTUSER.DAT{36a72ed5-f4e4-11ed-bcba-2811a87ef6fc}.TM.blf
 NTUSER.DAT{36a72ed5-f4e4-11ed-bcba-2811a87ef6fc}.TMContainer00000000000000000001.regtrans-ms
 NTUSER.DAT{36a72ed5-f4e4-11ed-bcba-2811a87ef6fc}.TMContainer00000000000000000002.regtrans-ms
 NetHood@
 OneDrive/
'OneDrive - Instituto Politecnico Nacional'/
 Pictures/
 Postman/
 PrintHood@
 PycharmProjects/
 Recent@
'Saved Games'/
 Searches/
 SendTo@
'Start Menu'@
 Story/
 Templates@
 Videos/
 ntuser.dat.LOG1
 ntuser.dat.LOG2
 ntuser.ini

Daniel@DESKTOP-J1NFNF3 MINGW64 ~
$ cd Desktop

Daniel@DESKTOP-J1NFNF3 MINGW64 ~/Desktop
$ ls
 Postman.lnk*                              'UiPath Studio.lnk'*
'Programs to fix PYCHARM.txt'              'Visual Studio Code.lnk'*
'PyCharm Community Edition 2023.1.2.lnk'*   desktop.ini
 Spotify.lnk*                              'job offers.txt'
'UiPath Assistant.lnk'*

Daniel@DESKTOP-J1NFNF3 MINGW64 ~/Desktop
$ mkdir Story

Daniel@DESKTOP-J1NFNF3 MINGW64 ~/Desktop
$ ls
 Postman.lnk*                              'UiPath Assistant.lnk'*
'Programs to fix PYCHARM.txt'              'UiPath Studio.lnk'*
'PyCharm Community Edition 2023.1.2.lnk'*  'Visual Studio Code.lnk'*
 Spotify.lnk*                               desktop.ini
 Story/                                    'job offers.txt'

Daniel@DESKTOP-J1NFNF3 MINGW64 ~/Desktop
$ cd Story

Daniel@DESKTOP-J1NFNF3 MINGW64 ~/Desktop/Story
$ ls

Daniel@DESKTOP-J1NFNF3 MINGW64 ~/Desktop/Story
$ rouch chapter1.txt
bash: rouch: command not found

Daniel@DESKTOP-J1NFNF3 MINGW64 ~/Desktop/Story
$ touch chapter1.txt

Daniel@DESKTOP-J1NFNF3 MINGW64 ~/Desktop/Story
$ ls
chapter1.txt

Daniel@DESKTOP-J1NFNF3 MINGW64 ~/Desktop/Story
$ start chapter1.txt

Daniel@DESKTOP-J1NFNF3 MINGW64 ~/Desktop/Story
$ ls
chapter1.txt

Daniel@DESKTOP-J1NFNF3 MINGW64 ~/Desktop/Story
$ git init
Initialized empty Git repository in C:/Users/Daniel/Desktop/Story/.git/

Daniel@DESKTOP-J1NFNF3 MINGW64 ~/Desktop/Story (master)
$ ls -a
./  ../  .git/  chapter1.txt

Daniel@DESKTOP-J1NFNF3 MINGW64 ~/Desktop/Story (master)
$ ls
chapter1.txt

Daniel@DESKTOP-J1NFNF3 MINGW64 ~/Desktop/Story (master)
$ ls -a
./  ../  .git/  chapter1.txt

Daniel@DESKTOP-J1NFNF3 MINGW64 ~/Desktop/Story (master)
$ git status
On branch master

No commits yet

Untracked files:
  (use "git add <file>..." to include in what will be committed)
        chapter1.txt

nothing added to commit but untracked files present (use "git add" to track)

Daniel@DESKTOP-J1NFNF3 MINGW64 ~/Desktop/Story (master)
$ git add chapter1.txt

Daniel@DESKTOP-J1NFNF3 MINGW64 ~/Desktop/Story (master)
$ git status
On branch master

No commits yet

Changes to be committed:
  (use "git rm --cached <file>..." to unstage)
        new file:   chapter1.txt


Daniel@DESKTOP-J1NFNF3 MINGW64 ~/Desktop/Story (master)
$ git commit -m "Complete Chapter 1"
Author identity unknown

*** Please tell me who you are.

Run

  git config --global user.email "you@example.com"
  git config --global user.name "Your Name"

to set your account's default identity.
Omit --global to set the identity only in this repository.

fatal: unable to auto-detect email address (got 'Daniel@DESKTOP-J1NFNF3.(none)')

Daniel@DESKTOP-J1NFNF3 MINGW64 ~/Desktop/Story (master)
$ git log
fatal: your current branch 'master' does not have any commits yet

Daniel@DESKTOP-J1NFNF3 MINGW64 ~/Desktop/Story (master)
$ git commit -m "Complete Chapter 1"
Author identity unknown

*** Please tell me who you are.

Run

  git config --global user.email "you@example.com"
  git config --global user.name "Your Name"

to set your account's default identity.
Omit --global to set the identity only in this repository.

fatal: unable to auto-detect email address (got 'Daniel@DESKTOP-J1NFNF3.(none)')

Daniel@DESKTOP-J1NFNF3 MINGW64 ~/Desktop/Story (master)
$ git config --global user.email "solis.alcantar.daniel@gmail.com"

Daniel@DESKTOP-J1NFNF3 MINGW64 ~/Desktop/Story (master)
$ git commit -m "Complete Chapter 1"
[master (root-commit) 33598a8] Complete Chapter 1
 1 file changed, 1 insertion(+)
 create mode 100644 chapter1.txt

Daniel@DESKTOP-J1NFNF3 MINGW64 ~/Desktop/Story (master)
$ git log
commit 33598a84ef76a3bbd3c6f3838d3f4db5c6566d83 (HEAD -> master)
Author: unknown <solis.alcantar.daniel@gmail.com>
Date:   Wed Aug 9 15:13:48 2023 -0600

    Complete Chapter 1

Daniel@DESKTOP-J1NFNF3 MINGW64 ~/Desktop/Story (master)
$ git config --global user.name "Daniel Solis"

Daniel@DESKTOP-J1NFNF3 MINGW64 ~/Desktop/Story (master)
$ git log
commit 33598a84ef76a3bbd3c6f3838d3f4db5c6566d83 (HEAD -> master)
Author: unknown <solis.alcantar.daniel@gmail.com>
Date:   Wed Aug 9 15:13:48 2023 -0600

    Complete Chapter 1

Daniel@DESKTOP-J1NFNF3 MINGW64 ~/Desktop/Story (master)
$ touch chapter2.txt

Daniel@DESKTOP-J1NFNF3 MINGW64 ~/Desktop/Story (master)
$ touch chapter3.txt

Daniel@DESKTOP-J1NFNF3 MINGW64 ~/Desktop/Story (master)
$ ls
chapter1.txt  chapter2.txt  chapter3.txt

Daniel@DESKTOP-J1NFNF3 MINGW64 ~/Desktop/Story (master)
$ ls -a
./  ../  .git/  chapter1.txt  chapter2.txt  chapter3.txt

Daniel@DESKTOP-J1NFNF3 MINGW64 ~/Desktop/Story (master)
$ git log
commit 33598a84ef76a3bbd3c6f3838d3f4db5c6566d83 (HEAD -> master)
Author: unknown <solis.alcantar.daniel@gmail.com>
Date:   Wed Aug 9 15:13:48 2023 -0600

    Complete Chapter 1

Daniel@DESKTOP-J1NFNF3 MINGW64 ~/Desktop/Story (master)
$ git status
On branch master
Untracked files:
  (use "git add <file>..." to include in what will be committed)
        chapter2.txt
        chapter3.txt

nothing added to commit but untracked files present (use "git add" to track)

Daniel@DESKTOP-J1NFNF3 MINGW64 ~/Desktop/Story (master)
$ start chapter2.txt

Daniel@DESKTOP-J1NFNF3 MINGW64 ~/Desktop/Story (master)
$ start chapter3.txt

Daniel@DESKTOP-J1NFNF3 MINGW64 ~/Desktop/Story (master)
$ git add .

Daniel@DESKTOP-J1NFNF3 MINGW64 ~/Desktop/Story (master)
$ git status
On branch master
Changes to be committed:
  (use "git restore --staged <file>..." to unstage)
        new file:   chapter2.txt
        new file:   chapter3.txt


Daniel@DESKTOP-J1NFNF3 MINGW64 ~/Desktop/Story (master)
$ git commit -m "Complete Chapter 2 and 3"
[master 36c293e] Complete Chapter 2 and 3
 2 files changed, 2 insertions(+)
 create mode 100644 chapter2.txt
 create mode 100644 chapter3.txt

Daniel@DESKTOP-J1NFNF3 MINGW64 ~/Desktop/Story (master)
$ git log
commit 36c293ec6e68d83e3b328992c659dda3a08e3ccb (HEAD -> master)
Author: Daniel Solis <solis.alcantar.daniel@gmail.com>
Date:   Wed Aug 9 15:19:51 2023 -0600

    Complete Chapter 2 and 3

commit 33598a84ef76a3bbd3c6f3838d3f4db5c6566d83
Author: unknown <solis.alcantar.daniel@gmail.com>
Date:   Wed Aug 9 15:13:48 2023 -0600

    Complete Chapter 1

Daniel@DESKTOP-J1NFNF3 MINGW64 ~/Desktop/Story (master)
$ git status
On branch master
Changes not staged for commit:
  (use "git add <file>..." to update what will be committed)
  (use "git restore <file>..." to discard changes in working directory)
        modified:   chapter3.txt

no changes added to commit (use "git add" and/or "git commit -a")

Daniel@DESKTOP-J1NFNF3 MINGW64 ~/Desktop/Story (master)
$ git diff
diff --git a/chapter3.txt b/chapter3.txt
index 0f24506..c18c88e 100644
--- a/chapter3.txt
+++ b/chapter3.txt
@@ -1 +1 @@
-This is Chapter 3 to try out git with our files
\ No newline at end of file
+nafjslllllllllllllllllllllllllllllllllllllll
\ No newline at end of file

Daniel@DESKTOP-J1NFNF3 MINGW64 ~/Desktop/Story (master)
$ git checkout chapter3.txt
Updated 1 path from the index

Daniel@DESKTOP-J1NFNF3 MINGW64 ~/Desktop/Story (master)
$ git log
commit 36c293ec6e68d83e3b328992c659dda3a08e3ccb (HEAD -> master)
Author: Daniel Solis <solis.alcantar.daniel@gmail.com>
Date:   Wed Aug 9 15:19:51 2023 -0600

    Complete Chapter 2 and 3

commit 33598a84ef76a3bbd3c6f3838d3f4db5c6566d83
Author: unknown <solis.alcantar.daniel@gmail.com>
Date:   Wed Aug 9 15:13:48 2023 -0600

    Complete Chapter 1

Daniel@DESKTOP-J1NFNF3 MINGW64 ~/Desktop/Story (master)
$
